<html>
<body>
<pre>
<h1>µVision Build Log</h1>
<h2>Tool Versions:</h2>
IDE-Version: µVision V5.29.0.0
Copyright (C) 2019 ARM Ltd and ARM Germany GmbH. All rights reserved.
License Information: Alex -, -, LIC=7YK12-949TV-F14PT-RNVTK-4YUSM-YJV9N
 
Tool Versions:
Toolchain:       MDK-ARM Professional  Version: 5.29.0.0
Toolchain Path:  C:\Keil_v5\ARM\ARMCC\Bin
C Compiler:      Armcc.exe V5.06 update 6 (build 750)
Assembler:       Armasm.exe V5.06 update 6 (build 750)
Linker/Locator:  ArmLink.exe V5.06 update 6 (build 750)
Library Manager: ArmAr.exe V5.06 update 6 (build 750)
Hex Converter:   FromElf.exe V5.06 update 6 (build 750)
CPU DLL:         SARMCM3.DLL V5.29.0.0
Dialog DLL:      DCM.DLL V1.17.3.0
Target DLL:      STLink\ST-LINKIII-KEIL_SWO.dll V3.0.7.0
Dialog DLL:      TCM.DLL V1.36.5.0
 
<h2>Project:</h2>
D:\STM\rubbish_engine_debug\MDK-ARM\rubbish.uvprojx
Project File Date:  07/17/2020

<h2>Output:</h2>
*** Using Compiler 'V5.06 update 6 (build 750)', folder: 'C:\Keil_v5\ARM\ARMCC\Bin'
Build target 'rubbish'
compiling otm8009a.c...
compiling stm32f769i_discovery.c...
compiling ft6x06.c...
compiling stm32f769i_discovery_lcd.c...
compiling gui.c...
gui.c(506): warning:  #177-D: variable "ind"  was declared but never referenced
  	uint32_t ind=0,sz=0,i1=0,ind1=0;
gui.c(506): warning:  #177-D: variable "sz"  was declared but never referenced
  	uint32_t ind=0,sz=0,i1=0,ind1=0;
gui.c(506): warning:  #177-D: variable "i1"  was declared but never referenced
  	uint32_t ind=0,sz=0,i1=0,ind1=0;
gui.c(506): warning:  #177-D: variable "ind1"  was declared but never referenced
  	uint32_t ind=0,sz=0,i1=0,ind1=0;
gui.c(709): warning:  #940-D: missing return statement at end of non-void function "processCode" 
  }
gui.c(722): warning:  #177-D: variable "shift"  was declared but never referenced
  	uint8_t shift = 235;
gui.c(723): warning:  #177-D: variable "shift_r"  was declared but never referenced
  	uint16_t shift_r = 430;
gui.c: 7 warnings, 0 errors
compiling stm32f769i_discovery_sdram.c...
compiling stm32f769i_discovery_ts.c...
..\Src\stm32f769i_discovery_ts.c(475): warning:  #177-D: variable "index"  was declared but never referenced
    uint32_t index;
..\Src\stm32f769i_discovery_ts.c(477): warning:  #177-D: variable "weight"  was declared but never referenced
    uint32_t weight = 0;
..\Src\stm32f769i_discovery_ts.c(478): warning:  #177-D: variable "area"  was declared but never referenced
    uint32_t area = 0;
..\Src\stm32f769i_discovery_ts.c(479): warning:  #177-D: variable "event"  was declared but never referenced
    uint32_t event = 0;
..\Src\stm32f769i_discovery_ts.c: 4 warnings, 0 errors
compiling ScanerCodes_GM66.c...
compiling bsp_driver_sd.c...
compiling esp.c...
compiling mechanics.c...
..\Src\mechanics.c(132): warning:  #1035-D: single-precision operand implicitly converted to double-precision
  	float crit_c = (uint16_t)(sensor_s*CriticalCurrentForPres + 2.5);
..\Src\mechanics.c(145): warning:  #111-D: statement is unreachable
  			break;
..\Src\mechanics.c(256): warning:  #940-D: missing return statement at end of non-void function "drivePress" 
  }
..\Src\mechanics.c(397): warning:  #1-D: last line of file ends without a newline
  }
..\Src\mechanics.c: 4 warnings, 0 errors
compiling main.c...
compiling fatfs.c...
compiling sd_diskio.c...
compiling fatfs_platform.c...
compiling stm32f7xx_it.c...
compiling freertos.c...
../Src/freertos.c(588): warning:  #177-D: variable "lcd_string"  was declared but never referenced
  	uint8_t lcd_string[60] = "";
../Src/freertos.c: 1 warning, 0 errors
compiling system_stm32f7xx.c...
compiling stm32f7xx_hal_timebase_tim.c...
compiling hr4988.c...
compiling stm32f7xx_hal_adc.c...
compiling stm32f7xx_hal_msp.c...
compiling stm32f7xx_hal_flash.c...
compiling stm32f7xx_hal_flash_ex.c...
compiling stm32f7xx_hal_adc_ex.c...
compiling stm32f7xx_hal_rcc_ex.c...
compiling stm32f7xx_hal_rcc.c...
compiling stm32f7xx_hal_pwr.c...
compiling stm32f7xx_hal_pwr_ex.c...
compiling stm32f7xx_hal_gpio.c...
compiling stm32f7xx_hal_dma.c...
compiling stm32f7xx_hal_dma_ex.c...
compiling stm32f7xx_hal.c...
compiling stm32f7xx_hal_i2c_ex.c...
compiling stm32f7xx_hal_cortex.c...
compiling stm32f7xx_hal_exti.c...
compiling stm32f7xx_hal_i2c.c...
compiling stm32f7xx_hal_ltdc.c...
compiling stm32f7xx_hal_sdram.c...
compiling stm32f7xx_ll_fmc.c...
compiling stm32f7xx_hal_dsi.c...
compiling stm32f7xx_hal_dma2d.c...
compiling stm32f7xx_hal_ltdc_ex.c...
compiling stm32f7xx_ll_sdmmc.c...
compiling stm32f7xx_hal_tim_ex.c...
compiling stm32f7xx_hal_sd.c...
compiling stm32f7xx_hal_tim.c...
compiling stm32f7xx_hal_uart_ex.c...
compiling stm32f7xx_hal_uart.c...
compiling croutine.c...
compiling event_groups.c...
compiling diskio.c...
compiling list.c...
compiling queue.c...
compiling stream_buffer.c...
compiling timers.c...
compiling tasks.c...
compiling heap_4.c...
compiling cmsis_os.c...
compiling port.c...
compiling ff_gen_drv.c...
compiling ff.c...
compiling syscall.c...
linking...
Program Size: Code=36296 RO-data=61620 RW-data=680 ZI-data=24464  
FromELF: creating hex file...
"rubbish\rubbish.axf" - 0 Error(s), 16 Warning(s).

<h2>Software Packages used:</h2>

Package Vendor: ARM
                http://www.keil.com/pack/ARM.CMSIS.5.6.0.pack
                ARM.CMSIS.5.6.0
                CMSIS (Cortex Microcontroller Software Interface Standard)
   * Component: CORE Version: 5.3.0

Package Vendor: Keil
                https://www.keil.com/pack/Keil.STM32F7xx_DFP.2.12.0.pack
                Keil.STM32F7xx_DFP.2.12.0
                STMicroelectronics STM32F7 Series Device Support, Drivers and Examples

<h2>Collection of Component include folders:</h2>
  .\RTE\_rubbish
  C:\Users\user\AppData\Local\Arm\Packs\ARM\CMSIS\5.6.0\CMSIS\Core\Include
  C:\Users\user\AppData\Local\Arm\Packs\Keil\STM32F7xx_DFP\2.12.0\Drivers\CMSIS\Device\ST\STM32F7xx\Include

<h2>Collection of Component Files used:</h2>

   * Component: ARM::CMSIS:CORE:5.3.0
Build Time Elapsed:  00:01:50
</pre>
</body>
</html>
